client/src/_core/hooks/useAuth.ts(23,40): error TS2345: Argument of type 'null' is not assignable to parameter of type 'Updater<{ id: number; openId: string; name: string; email: string | null; loginMethod: string | null; role: string; createdAt: Date; updatedAt: Date; lastSignedIn: Date; } | undefined, { ...; } | undefined>'.
client/src/_core/hooks/useAuth.ts(39,40): error TS2345: Argument of type 'null' is not assignable to parameter of type 'Updater<{ id: number; openId: string; name: string; email: string | null; loginMethod: string | null; role: string; createdAt: Date; updatedAt: Date; lastSignedIn: Date; } | undefined, { ...; } | undefined>'.
