client/src/_core/hooks/useAuth.ts(23,40): error TS2345: Argument of type 'null' is not assignable to parameter of type 'Updater<{ id: number; openId: string; name: string; email: string | null; loginMethod: string | null; role: string; createdAt: Date; updatedAt: Date; lastSignedIn: Date; } | undefined, { ...; } | undefined>'.
client/src/_core/hooks/useAuth.ts(39,40): error TS2345: Argument of type 'null' is not assignable to parameter of type 'Updater<{ id: number; openId: string; name: string; email: string | null; loginMethod: string | null; role: string; createdAt: Date; updatedAt: Date; lastSignedIn: Date; } | undefined, { ...; } | undefined>'.
server/_core/oauth.ts(3,21): error TS2307: Cannot find module '../db' or its corresponding type declarations.
server/_core/sdk.ts(7,27): error TS2307: Cannot find module '../../drizzle/schema' or its corresponding type declarations.
server/_core/sdk.ts(8,21): error TS2307: Cannot find module '../db' or its corresponding type declarations.
shared/types.ts(6,20): error TS2307: Cannot find module '../drizzle/schema' or its corresponding type declarations.
